// Jest Snapshot v1, https://goo.gl/fbAQLP

exports[`basic value 1`] = `
<div>
  <p>
    âœ–
  </p>
</div>
`;
